[0m16:44:52.032395 [debug] [MainThread]: Sending event: {'category': 'dbt', 'action': 'invocation', 'label': 'start', 'context': [<snowplow_tracker.self_describing_json.SelfDescribingJson object at 0x0000022116EC52D0>, <snowplow_tracker.self_describing_json.SelfDescribingJson object at 0x0000022116E14B50>, <snowplow_tracker.self_describing_json.SelfDescribingJson object at 0x0000022116F57B10>]}


============================== 16:44:52.037397 | 58db0c2b-6565-467a-85d6-f81fd23664dd ==============================
[0m16:44:52.037397 [info ] [MainThread]: Running with dbt=1.12.5
[0m16:44:52.038396 [debug] [MainThread]: running dbt with arguments {'static_parser': 'True', 'no_print': 'None', 'maximum_seed_size_mib': '1', 'target_path': 'None', 'warn_error_options': 'WarnErrorOptionsV2(error=[], warn=[], silence=[])', 'version_check': 'True', 'printer_width': '80', 'write_json': 'True', 'empty': 'None', 'log_cache_events': 'False', 'introspect': 'True', 'cache_selected_only': 'False', 'log_format': 'default', 'debug': 'False', 'fail_fast': 'False', 'partial_parse': 'True', 'send_anonymous_usage_stats': 'True', 'quiet': 'False', 'warn_error': 'None', 'profiles_dir': 'C:\\Users\\Ryan Plunkett\\.dbt', 'use_colors': 'True', 'hints_enabled': 'True', 'invocation_command': 'dbt init baseball', 'use_experimental_parser': 'False', 'indirect_selection': 'eager', 'log_path': 'logs'}
[0m16:44:52.061395 [info ] [MainThread]: Creating dbt configuration folder at C:\Users\Ryan Plunkett\.dbt
[0m16:44:52.064393 [debug] [MainThread]: Starter project path: C:\Users\Ryan Plunkett\AppData\Local\Programs\Python\Python311\Lib\site-packages\dbt\include\starter_project
[0m16:44:52.123395 [info ] [MainThread]: Setting up your profile.
[0m16:44:59.824705 [info ] [MainThread]: No sample profile found for clickhouse.
[0m16:44:59.827705 [info ] [MainThread]: Running dbt debug to validate the project...
[0m16:44:59.828709 [info ] [MainThread]: dbt version: 1.12.5
[0m16:44:59.828709 [info ] [MainThread]: python version: 3.11.9
[0m16:44:59.829706 [info ] [MainThread]: python path: C:\Users\Ryan Plunkett\AppData\Local\Programs\Python\Python311\python.exe
[0m16:44:59.829706 [info ] [MainThread]: os info: Windows-10-10.0.19045-SP0
[0m16:44:59.830705 [info ] [MainThread]: Using profiles dir at C:\Users\Ryan Plunkett\.dbt
[0m16:44:59.831708 [info ] [MainThread]: Using profiles.yml file at C:\Users\Ryan Plunkett\.dbt\profiles.yml
[0m16:44:59.832705 [info ] [MainThread]: Using dbt_project.yml file at C:\Users\Ryan Plunkett\VSC\baseball\dbt\baseball\dbt_project.yml
[0m16:44:59.964767 [info ] [MainThread]: Configuration:
[0m16:44:59.966767 [info ] [MainThread]:   profiles.yml file [[31mERROR not found[0m]
[0m16:44:59.966767 [info ] [MainThread]:   dbt_project.yml file [[32mOK found and valid[0m]
[0m16:44:59.968551 [info ] [MainThread]: Required dependencies:
[0m16:44:59.969549 [debug] [MainThread]: Executing "git --help"
[0m16:45:00.009126 [debug] [MainThread]: STDOUT: "b"usage: git [-v | --version] [-h | --help] [-C <path>] [-c <name>=<value>]\n           [--exec-path[=<path>]] [--html-path] [--man-path] [--info-path]\n           [-p | --paginate | -P | --no-pager] [--no-replace-objects] [--no-lazy-fetch]\n           [--no-optional-locks] [--no-advice] [--bare] [--git-dir=<path>]\n           [--work-tree=<path>] [--namespace=<name>] [--config-env=<name>=<envvar>]\n           <command> [<args>]\n\nThese are common Git commands used in various situations:\n\nstart a working area (see also: git help tutorial)\n   clone      Clone a repository into a new directory\n   init       Create an empty Git repository or reinitialize an existing one\n\nwork on the current change (see also: git help everyday)\n   add        Add file contents to the index\n   mv         Move or rename a file, a directory, or a symlink\n   restore    Restore working tree files\n   rm         Remove files from the working tree and from the index\n\nexamine the history and state (see also: git help revisions)\n   bisect     Use binary search to find the commit that introduced a bug\n   diff       Show changes between commits, commit and working tree, etc\n   grep       Print lines matching a pattern\n   log        Show commit logs\n   show       Show various types of objects\n   status     Show the working tree status\n\ngrow, mark and tweak your common history\n   backfill   Download missing objects in a partial clone\n   branch     List, create, or delete branches\n   commit     Record changes to the repository\n   merge      Join two or more development histories together\n   rebase     Reapply commits on top of another base tip\n   reset      Reset current HEAD to the specified state\n   switch     Switch branches\n   tag        Create, list, delete or verify a tag object signed with GPG\n\ncollaborate (see also: git help workflows)\n   fetch      Download objects and refs from another repository\n   pull       Fetch from and integrate with another repository or a local branch\n   push       Update remote refs along with associated objects\n\n'git help -a' and 'git help -g' list available subcommands and some\nconcept guides. See 'git help <command>' or 'git help <concept>'\nto read about a specific subcommand or concept.\nSee 'git help git' for an overview of the system.\n""
[0m16:45:00.010125 [debug] [MainThread]: STDERR: "b''"
[0m16:45:00.010125 [info ] [MainThread]:  - git [[32mOK found[0m]

[0m16:45:00.011126 [info ] [MainThread]: Connection test skipped since no profile was found
[0m16:45:00.012126 [info ] [MainThread]: [31m1 check failed:[0m
[0m16:45:00.012126 [info ] [MainThread]: dbt looked for a profiles.yml file in C:\Users\Ryan Plunkett\.dbt\profiles.yml, but did
not find one. For more information on configuring your profile, consult the
documentation:

https://docs.getdbt.com/docs/configure-your-profile


[0m16:45:00.013125 [info ] [MainThread]: Your new dbt project "baseball" was created!
Initialized new project in C:\Users\Ryan Plunkett\VSC\baseball\dbt\baseball\baseball

For more information on how to configure the profiles.yml file,
please consult the dbt documentation here:

  https://docs.getdbt.com/docs/configure-your-profile

One more thing:

Need help? Don't hesitate to reach out to us via GitHub issues or on Slack:

  https://community.getdbt.com/

Happy modeling!

[0m16:45:00.014126 [info ] [MainThread]: [31mYour profile may need adjustments. You can find the logs of `dbt debug` above[0m
[0m16:45:00.015125 [debug] [MainThread]: Command `dbt init` succeeded at 16:45:00.015125 after 8.10 seconds
[0m16:45:00.016128 [debug] [MainThread]: Sending event: {'category': 'dbt', 'action': 'invocation', 'label': 'end', 'context': [<snowplow_tracker.self_describing_json.SelfDescribingJson object at 0x0000022116F57B10>, <snowplow_tracker.self_describing_json.SelfDescribingJson object at 0x000002210F3A7FD0>, <snowplow_tracker.self_describing_json.SelfDescribingJson object at 0x0000022116EB5750>]}
[0m16:45:00.016128 [debug] [MainThread]: Flushing usage events
[0m16:45:00.773332 [debug] [MainThread]: An error was encountered while trying to flush usage events
