[0m16:48:13.979205 [debug] [MainThread]: Sending event: {'category': 'dbt', 'action': 'invocation', 'label': 'start', 'context': [<snowplow_tracker.self_describing_json.SelfDescribingJson object at 0x0000020B3FE5CA10>, <snowplow_tracker.self_describing_json.SelfDescribingJson object at 0x0000020B3FDCDC50>, <snowplow_tracker.self_describing_json.SelfDescribingJson object at 0x0000020B3FE5FB50>]}


============================== 16:48:13.983209 | 3c22b872-193d-4f76-b68b-7dcf5b698a06 ==============================
[0m16:48:13.983209 [info ] [MainThread]: Running with dbt=1.12.5
[0m16:48:13.984205 [debug] [MainThread]: running dbt with arguments {'maximum_seed_size_mib': '1', 'no_print': 'None', 'version_check': 'True', 'warn_error_options': 'WarnErrorOptionsV2(error=[], warn=[], silence=[])', 'target_path': 'None', 'static_parser': 'True', 'printer_width': '80', 'write_json': 'True', 'empty': 'None', 'log_cache_events': 'False', 'introspect': 'True', 'cache_selected_only': 'False', 'fail_fast': 'False', 'debug': 'False', 'log_format': 'default', 'profiles_dir': 'C:/Users/Ryan Plunkett/VSC/baseball/dbt/baseball', 'send_anonymous_usage_stats': 'True', 'quiet': 'False', 'warn_error': 'None', 'partial_parse': 'True', 'invocation_command': 'dbt debug', 'hints_enabled': 'True', 'indirect_selection': 'eager', 'use_experimental_parser': 'False', 'use_colors': 'True', 'log_path': 'logs'}
[0m16:48:14.009205 [info ] [MainThread]: dbt version: 1.12.5
[0m16:48:14.011210 [info ] [MainThread]: python version: 3.11.9
[0m16:48:14.013206 [info ] [MainThread]: python path: C:\Users\Ryan Plunkett\AppData\Local\Programs\Python\Python311\python.exe
[0m16:48:14.014205 [info ] [MainThread]: os info: Windows-10-10.0.19045-SP0
[0m16:48:14.109864 [info ] [MainThread]: Using profiles dir at C:/Users/Ryan Plunkett/VSC/baseball/dbt/baseball
[0m16:48:14.110866 [info ] [MainThread]: Using profiles.yml file at C:/Users/Ryan Plunkett/VSC/baseball/dbt/baseball\profiles.yml
[0m16:48:14.111866 [info ] [MainThread]: Using dbt_project.yml file at C:\Users\Ryan Plunkett\VSC\baseball\dbt_project.yml
[0m16:48:14.112866 [info ] [MainThread]: adapter type: clickhouse
[0m16:48:14.113866 [info ] [MainThread]: adapter version: 1.10.3
[0m16:48:14.114865 [info ] [MainThread]: Configuration:
[0m16:48:14.114865 [info ] [MainThread]:   profiles.yml file [[32mOK found and valid[0m]
[0m16:48:14.116874 [info ] [MainThread]:   dbt_project.yml file [[31mERROR not found[0m]
[0m16:48:14.116874 [info ] [MainThread]: Required dependencies:
[0m16:48:14.117866 [debug] [MainThread]: Executing "git --help"
[0m16:48:14.234551 [debug] [MainThread]: STDOUT: "b"usage: git [-v | --version] [-h | --help] [-C <path>] [-c <name>=<value>]\n           [--exec-path[=<path>]] [--html-path] [--man-path] [--info-path]\n           [-p | --paginate | -P | --no-pager] [--no-replace-objects] [--no-lazy-fetch]\n           [--no-optional-locks] [--no-advice] [--bare] [--git-dir=<path>]\n           [--work-tree=<path>] [--namespace=<name>] [--config-env=<name>=<envvar>]\n           <command> [<args>]\n\nThese are common Git commands used in various situations:\n\nstart a working area (see also: git help tutorial)\n   clone      Clone a repository into a new directory\n   init       Create an empty Git repository or reinitialize an existing one\n\nwork on the current change (see also: git help everyday)\n   add        Add file contents to the index\n   mv         Move or rename a file, a directory, or a symlink\n   restore    Restore working tree files\n   rm         Remove files from the working tree and from the index\n\nexamine the history and state (see also: git help revisions)\n   bisect     Use binary search to find the commit that introduced a bug\n   diff       Show changes between commits, commit and working tree, etc\n   grep       Print lines matching a pattern\n   log        Show commit logs\n   show       Show various types of objects\n   status     Show the working tree status\n\ngrow, mark and tweak your common history\n   backfill   Download missing objects in a partial clone\n   branch     List, create, or delete branches\n   commit     Record changes to the repository\n   merge      Join two or more development histories together\n   rebase     Reapply commits on top of another base tip\n   reset      Reset current HEAD to the specified state\n   switch     Switch branches\n   tag        Create, list, delete or verify a tag object signed with GPG\n\ncollaborate (see also: git help workflows)\n   fetch      Download objects and refs from another repository\n   pull       Fetch from and integrate with another repository or a local branch\n   push       Update remote refs along with associated objects\n\n'git help -a' and 'git help -g' list available subcommands and some\nconcept guides. See 'git help <command>' or 'git help <concept>'\nto read about a specific subcommand or concept.\nSee 'git help git' for an overview of the system.\n""
[0m16:48:14.235551 [debug] [MainThread]: STDERR: "b''"
[0m16:48:14.235551 [info ] [MainThread]:  - git [[32mOK found[0m]

[0m16:48:14.236553 [info ] [MainThread]: Connection:
[0m16:48:14.237554 [info ] [MainThread]:   driver: None
[0m16:48:14.240558 [info ] [MainThread]:   host: localhost
[0m16:48:14.242552 [info ] [MainThread]:   port: 8123
[0m16:48:14.243553 [info ] [MainThread]:   user: rplunkett
[0m16:48:14.248554 [info ] [MainThread]:   schema: staging
[0m16:48:14.253553 [info ] [MainThread]:   retries: 1
[0m16:48:14.255552 [info ] [MainThread]:   cluster: None
[0m16:48:14.257555 [info ] [MainThread]:   database_engine: None
[0m16:48:14.263554 [info ] [MainThread]:   cluster_mode: False
[0m16:48:14.263554 [info ] [MainThread]:   secure: False
[0m16:48:14.264552 [info ] [MainThread]:   verify: True
[0m16:48:14.265551 [info ] [MainThread]:   client_cert: None
[0m16:48:14.266555 [info ] [MainThread]:   client_cert_key: None
[0m16:48:14.267554 [info ] [MainThread]:   connect_timeout: 10
[0m16:48:14.268554 [info ] [MainThread]:   send_receive_timeout: 300
[0m16:48:14.270554 [info ] [MainThread]:   sync_request_timeout: 5
[0m16:48:14.270554 [info ] [MainThread]:   compress_block_size: 1048576
[0m16:48:14.272553 [info ] [MainThread]:   compression: 
[0m16:48:14.273554 [info ] [MainThread]:   check_exchange: True
[0m16:48:14.273554 [info ] [MainThread]:   custom_settings: None
[0m16:48:14.274552 [info ] [MainThread]:   use_lw_deletes: False
[0m16:48:14.275553 [info ] [MainThread]:   allow_automatic_deduplication: False
[0m16:48:14.275553 [info ] [MainThread]:   tcp_keepalive: False
[0m16:48:14.276552 [info ] [MainThread]:   reuse_connections: True
[0m16:48:14.279553 [info ] [MainThread]:   server_host_name: None
[0m16:48:14.280553 [info ] [MainThread]: Registered adapter: clickhouse=1.10.3
[0m16:48:14.639311 [debug] [MainThread]: Acquiring new clickhouse connection 'debug'
[0m16:48:14.640310 [debug] [MainThread]: Opening a new connection, currently in state init
[0m16:48:14.936078 [info ] [MainThread]:   Connection test: [[31mERROR[0m]

[0m16:48:14.937076 [info ] [MainThread]: [31m2 checks failed:[0m
[0m16:48:14.937076 [info ] [MainThread]: Project loading failed for the following reason:
 project path <C:\Users\Ryan Plunkett\VSC\baseball\dbt_project.yml> not found

[0m16:48:14.938078 [info ] [MainThread]: dbt was unable to connect to the specified database.
The database returned the following error:

  >Database Error
  Database Error
    Failed to create staging database due to ClickHouse exception

Check your database credentials and try again. For more information, visit:
https://docs.getdbt.com/docs/configure-your-profile


[0m16:48:14.940076 [debug] [MainThread]: Command `dbt debug` failed at 16:48:14.939076 after 1.07 seconds
[0m16:48:14.940076 [debug] [MainThread]: Connection 'debug' was left open.
[0m16:48:14.941074 [debug] [MainThread]: On debug: No close available on handle
[0m16:48:14.941074 [debug] [MainThread]: Sending event: {'category': 'dbt', 'action': 'invocation', 'label': 'end', 'context': [<snowplow_tracker.self_describing_json.SelfDescribingJson object at 0x0000020B3FE7E950>, <snowplow_tracker.self_describing_json.SelfDescribingJson object at 0x0000020B3FF06950>, <snowplow_tracker.self_describing_json.SelfDescribingJson object at 0x0000020B404EAF90>]}
[0m16:48:14.942076 [debug] [MainThread]: Flushing usage events
[0m16:48:15.724870 [debug] [MainThread]: An error was encountered while trying to flush usage events
